OK	O0090030	違反環境影響評估法按日連續處罰執行準則
OK	O0020037	中小型廢棄物焚化爐戴奧辛管制及排放標準
OK	O0130006	公告場所室內空氣品質檢驗測定管理辦法
OK	O0020061	公私場所固定污染源申請改善排放空氣污染物總量及濃度管理辦法
OK	O0020066	公私場所固定污染源空氣污染物排放量申報管理辦法
OK	O0020063	公私場所固定污染源復工試車評鑑及管理辦法
OK	O0020038	公私場所固定污染源違反空氣污染防制法應處罰鍰額度裁罰準則
OK	O0020124	公私場所固定污染源燃料混燒比例成分及防制設施管制標準
OK	O0020041	水泥業空氣污染物排放標準
OK	O0020045	加油站油氣回收設施管理辦法
OK	O0020032	半導體製造業空氣污染管制及排放標準
OK	O0030004	民用航空器噪音管制標準
OK	O0020073	光電材料及元件製造業空氣污染管制及排放標準
OK	O0020029	汽車製造業表面塗裝作業空氣污染物排放標準
OK	O0020135	汽油及替代清潔燃料引擎汽車排放空氣污染物檢驗站設置及管理辦法
OK	O0020128	固定污染源有害空氣污染物排放標準
OK	O0020054	固定污染源自行或委託檢測及申報管理辦法
OK	O0020068	固定污染源空氣污染物連續自動監測設施管理辦法
OK	O0020072	固定污染源戴奧辛排放標準
OK	O0020059	易致空氣污染之物質使用許可證管理辦法
OK	O0130002	室內空氣品質管理法施行細則
OK	O0130003	室內空氣品質維護管理專責人員設置管理辦法
OK	O0020119	建物及工業維護塗料揮發性有機物成分標準
OK	O0020052	氟氯烴管理辦法
OK	O0020018	玻璃業空氣污染物排放標準
OK	O0020022	特殊性工業區緩衝地帶及空氣品質監測設施設置標準
OK	O0020033	乾洗作業空氣污染防制設施管制標準
OK	O0020025	移動污染源空氣污染防制設備管理辦法
OK	O0020003	移動污染源空氣污染物排放標準
OK	O0020043	移動污染源違反空氣污染防制法裁罰準則
OK	O0020034	移動污染源燃料成分管制標準
OK	O0020065	移動污染源燃料販賣進口許可及管理辦法
OK	O0030018	陸上運輸系統噪音管制標準
OK	O0020019	陶瓷業空氣污染物排放標準
OK	O0020115	氯乙烯及聚氯乙烯製造業空氣污染物管制及排放標準
OK	O0020057	溴化甲烷管理辦法
OK	O0020017	煉鋼及鑄造電爐粒狀污染物管制及排放標準
OK	O0020044	煉鋼業電弧爐戴奧辛管制及排放標準
OK	O0020062	違反空氣污染防制法按次處罰通知限期改善補正或申報執行準則
OK	O0130004	違反室內空氣品質管理法罰鍰額度裁罰準則
OK	O0030019	違反噪音管制法按日連續處罰執行準則
OK	O0020008	鉛二次冶煉廠空氣污染物排放標準
OK	O0020026	電力設施空氣污染物排放標準
OK	O0020071	聚氨基甲酸酯塗布業揮發性有機物空氣污染管制及排放標準
OK	O0020074	蒙特婁議定書列管化學物質管理辦法
OK	O0020010	廢棄物焚化爐空氣污染物排放標準
OK	O0020031	廢棄物焚化爐戴奧辛管制及排放標準
OK	O0020028	熱風乾燥機粒狀污染物排放標準
OK	O0020077	膠帶製造業揮發性有機物空氣污染管制及排放標準
OK	O0020056	機車排放空氣污染物檢驗站設置及管理辦法
OK	O0020020	磚瓦窯業開放式隧道窯粒狀污染物排放標準
OK	O0020070	鋼鐵業集塵灰高溫冶煉設施戴奧辛管制及排放標準
OK	O0020011	鋼鐵業燒結工場空氣污染物排放標準
OK	O0020069	鋼鐵業燒結工場戴奧辛管制及排放標準
OK	O0020127	餐飲業空氣污染防制設施管理辦法
OK	O0020021	瀝青拌合業粒狀污染物排放標準
OK	O0040013	海洋放流管線放流水標準
OK	O0040018	飲用水水源水質標準
OK	O0040014	飲用水連續供水固定設備使用及維護管理辦法
OK	O0040016	飲用水管理條例施行細則
OK	O0040065	違反水污染防治法按次處罰通知限期改善或補正執行準則
OK	O0040056	違反水污染防治法罰鍰額度裁罰準則
OK	O0040052	違反飲用水管理條例按日連續處罰執行準則
OK	O0040047	預鑄式建築物污水處理設施管理辦法
OK	O0040069	廢（污）水處理專責人員違反水污染防治法罰鍰額度裁罰準則
OK	O0020145	二氧化碳捕捉後封存管理辦法
OK	O0020141	氫氟碳化物管理辦法
OK	O0020101	溫室氣體抵換專案管理辦法
OK	O0020104	溫室氣體認證機構及查驗機構管理辦法
OK	O0050091	共通性事業廢棄物作為固體再生燃料原料再利用管理辦法
OK	O0050073	再生資源再使用管理辦法
OK	O0050074	再生資源限制或禁止輸入輸出管理辦法
OK	O0070006	有害事業廢棄物檢測及紀錄管理辦法
OK	O0050069	事業自行清除處理事業廢棄物許可管理辦法
OK	O0050045	事業廢棄物處理設施餘裕處理容量許可管理辦法
OK	O0050016	事業廢棄物輸入輸出管理辦法
OK	O0050047	依促進民間參與公共建設法設置之廢棄物清除處理設施管理辦法
OK	O0050050	指定公營事業設置廢棄物清除處理設施管理辦法
OK	O0050043	違反廢棄物清理法按日連續處罰執行準則
OK	O0050090	違反廢棄物清理法罰鍰額度裁罰準則
OK	O0050054	廢容器回收貯存清除處理方法及設施標準
OK	O0050059	廢乾電池回收貯存清除處理方法及設施標準
OK	O0050056	廢照明光源回收貯存清除處理方法及設施標準
OK	O0050061	廢鉛蓄電池回收貯存清除處理方法及設施標準
OK	O0050079	廢電子電器暨廢資訊物品回收貯存清除處理方法及設施標準
OK	O0050060	廢輪胎回收貯存清除處理方法及設施標準
OK	O0050064	廢機動車輛回收貯存清除處理方法及設施標準
OK	O0050057	應回收廢棄物回收清除處理補貼申請審核管理辦法
OK	O0050051	應回收廢棄物回收處理業管理辦法
OK	O0050072	環境部再生資源再生利用管理辦法
OK	O0060045	毒性及關注化學物質災害事故應變車輛管理辦法
OK	O0060017	毒性及關注化學物質災害與懸浮微粒物質災害救助種類及標準
OK	O0060053	毒性及關注化學物質專業應變人員管理辦法
OK	O0060051	毒性及關注化學物質環境事故專業應變諮詢機關（構）認證及管理辦法
OK	O0060011	病媒防治業管理辦法
OK	O0060050	違反毒性及關注化學物質管理法罰鍰額度裁罰準則
OK	O0060009	遺傳工程環境用藥微生物製劑開發試驗研究管理辦法
OK	O0060010	環境用藥工廠設廠標準
OK	O0060007	環境用藥專業技術人員設置管理辦法
OK	O0060021	環境用藥貯存置放使用管理辦法
OK	O0060020	環境用藥微生物製劑使用於生態及水源保育或保護區運作管理辦法
OK	O0060006	環境用藥管理法施行細則
OK	O0060031	環境用藥廣告管理辦法
OK	O0110014	土壤污染評估調查人員管理辦法
OK	O0110017	土壤污染評估調查及檢測作業管理辦法
OK	O0110021	污染土地關係人之善良管理人注意義務認定準則
OK	O0070004	機動車輛排放空氣污染物及噪音檢驗測定機構管理辦法
OK	O0120004	環境教育設施場所認證及管理辦法
OK	O0120005	環境教育機構認證及管理辦法
OK	O0070007	環境檢驗測定機構違反環保法規罰鍰額度裁罰準則
