46 to fetch
N0060088 title=工程安全設計及整體工程統合管理辦法 | 工程安全設計及整體工程統合管理辦法 | 民國 115 年 06 月 30 日 | articles=21 chars=3796 lines=147
N0070017 title=升降機安全檢查構造標準 | 升降機安全檢查構造標準 | 民國 103 年 06 月 27 日 | articles=52 chars=19476 lines=671
N0060039 title=危險性機械及設備安全檢查規則 | 危險性機械及設備安全檢查規則 | 民國 114 年 12 月 23 日 | articles=173 chars=35213 lines=1212
N0070023 title=吊籠安全檢查構造標準 | 吊籠安全檢查構造標準 | 民國 108 年 11 月 11 日 | articles=49 chars=9248 lines=427
N0060086 title=地方主管機關受理最高負責人職場霸凌事件申訴處理辦法 | 地方主管機關受理最高負責人職場霸凌事件申訴處理辦法 | 民國 115 年 06 月 23 日 | articles=20 chars=3086 lines=121
N0060058 title=安全標示與驗證合格標章使用及管理辦法 | 安全標示與驗證合格標章使用及管理辦法 | 民國 106 年 09 月 30 日 | articles=14 chars=1318 lines=63
N0070022 title=固定式起重機安全檢查構造標準 | 固定式起重機安全檢查構造標準 | 民國 103 年 06 月 27 日 | articles=68 chars=21698 lines=770
N0060005 title=林場安全衛生設施規則 | 林場安全衛生設施規則 | 民國 103 年 07 月 01 日 | articles=58 chars=6853 lines=350
N0060079 title=直轄市及縣市政府辦理協助職業災害勞工重返職場補助辦法 | 直轄市及縣市政府辦理協助職業災害勞工重返職場補助辦法 | 民國 115 年 06 月 29 日 | articles=29 chars=3652 lines=165
N0060053 title=既有危險性機械及設備安全檢查規則 | 既有危險性機械及設備安全檢查規則 | 民國 103 年 07 月 03 日 | articles=21 chars=3048 lines=118
N0060078 title=財團法人職業災害預防及重建中心監督及管理辦法 | 財團法人職業災害預防及重建中心監督及管理辦法 | 民國 111 年 03 月 23 日 | articles=17 chars=2651 lines=107
N0060067 title=產品安全資訊申報登錄及型式驗證規費收費標準 | 產品安全資訊申報登錄及型式驗證規費收費標準 | 民國 109 年 04 月 08 日 | articles=9 chars=978 lines=51
N0070021 title=移動式起重機安全檢查構造標準 | 移動式起重機安全檢查構造標準 | 民國 103 年 06 月 27 日 | articles=48 chars=13306 lines=493
N0060031 title=船舶清艙解體職業安全規則 | 船舶清艙解體職業安全規則 | 民國 110 年 09 月 10 日 | articles=62 chars=7249 lines=364
N0060004 title=勞工作業場所容許暴露標準 | 勞工作業場所容許暴露標準 | 民國 114 年 04 月 11 日 | articles=11 chars=1899 lines=77
N0060033 title=勞工作業環境監測實施辦法 | 勞工作業環境監測實施辦法 | 民國 115 年 06 月 12 日 | articles=33 chars=7066 lines=270
N0060087 title=勞工健康服務專業機構管理規則 | 勞工健康服務專業機構管理規則 | 民國 115 年 06 月 26 日 | articles=19 chars=3419 lines=131
N0060077 title=勞工職業災害保險預防職業病健康檢查及健康追蹤檢查辦法 | 勞工職業災害保險預防職業病健康檢查及健康追蹤檢查辦法 | 民國 111 年 03 月 14 日 | articles=13 chars=1531 lines=61
N0060080 title=勞工職業災害保險職業病鑑定作業實施辦法 | 勞工職業災害保險職業病鑑定作業實施辦法 | 民國 111 年 03 月 31 日 | articles=16 chars=2597 lines=102
N0060069 title=新化學物質登記管理辦法 | 新化學物質登記管理辦法 | 民國 114 年 08 月 08 日 | articles=31 chars=4911 lines=208
N0060060 title=構造規格特殊產品安全評估報告及檢驗辦法 | 構造規格特殊產品安全評估報告及檢驗辦法 | 民國 103 年 11 月 21 日 | articles=8 chars=888 lines=41
N0060068 title=管制性化學品之指定及運作許可管理辦法 | 管制性化學品之指定及運作許可管理辦法 | 民國 103 年 12 月 31 日 | articles=19 chars=2104 lines=121
N0060072 title=管制性化學品許可申請收費標準 | 管制性化學品許可申請收費標準 | 民國 109 年 11 月 10 日 | articles=5 chars=408 lines=28
N0060056 title=機械設備器具安全資訊申報登錄辦法 | 機械設備器具安全資訊申報登錄辦法 | 民國 109 年 10 月 16 日 | articles=28 chars=4824 lines=175
N0060063 title=機械設備器具監督管理辦法 | 機械設備器具監督管理辦法 | 民國 115 年 06 月 25 日 | articles=29 chars=4058 lines=162
N0060057 title=機械類產品申請先行放行辦法 | 機械類產品申請先行放行辦法 | 民國 111 年 10 月 21 日 | articles=10 chars=1348 lines=57
N0060059 title=機械類產品申請免驗證辦法 | 機械類產品申請免驗證辦法 | 民國 111 年 10 月 07 日 | articles=17 chars=2065 lines=77
N0060062 title=機械類產品型式驗證實施及監督管理辦法 | 機械類產品型式驗證實施及監督管理辦法 | 民國 103 年 11 月 28 日 | articles=49 chars=7254 lines=279
N0060074 title=辦理勞工體格與健康檢查醫療機構認可審查收費標準 | 辦理勞工體格與健康檢查醫療機構認可審查收費標準 | 民國 112 年 02 月 21 日 | articles=6 chars=748 lines=40
N0060064 title=優先管理化學品之指定及運作管理辦法 | 優先管理化學品之指定及運作管理辦法 | 民國 113 年 06 月 06 日 | articles=15 chars=2335 lines=103
N0060055 title=壓力容器安全檢查構造標準 | 壓力容器安全檢查構造標準 | 民國 103 年 06 月 27 日 | articles=76 chars=12037 lines=419
N0060085 title=職場霸凌防治措施準則 | 職場霸凌防治措施準則 | 民國 115 年 06 月 23 日 | articles=29 chars=5819 lines=210
N0060084 title=職業安全衛生顧問服務機構審查收費標準 | 職業安全衛生顧問服務機構審查收費標準 | 民國 112 年 07 月 24 日 | articles=6 chars=546 lines=33
N0060076 title=職業災害勞工申請器具照護失能及死亡補助辦法 | 職業災害勞工申請器具照護失能及死亡補助辦法 | 民國 115 年 04 月 27 日 | articles=20 chars=3958 lines=127
N0060073 title=職業災害勞工補助及核發辦法 | 職業災害勞工補助及核發辦法 | 民國 108 年 04 月 30 日 | articles=28 chars=4435 lines=177
N0060082 title=職業災害勞工職能復健專業機構認可管理及補助辦法 | 職業災害勞工職能復健專業機構認可管理及補助辦法 | 民國 114 年 12 月 23 日 | articles=30 chars=4551 lines=186
N0060075 title=職業災害勞工職業重建補助辦法 | 職業災害勞工職業重建補助辦法 | 民國 103 年 07 月 14 日 | articles=23 chars=2693 lines=125
N0060081 title=職業災害預防及職業災害勞工重建補助辦法（111.03.31訂定） | 職業災害預防及職業災害勞工重建補助辦法 | 民國 113 年 12 月 12 日 | articles=21 chars=2744 lines=126
N0060049 title=職業災害預防補助辦法 | 職業災害預防補助辦法 | 民國 103 年 07 月 14 日 | articles=17 chars=1795 lines=83
N0060083 title=職業傷病診治醫療機構認可管理補助及職業傷病通報辦法 | 職業傷病診治醫療機構認可管理補助及職業傷病通報辦法 | 民國 113 年 11 月 18 日 | articles=47 chars=7304 lines=289
N0060003 title=礦場職業衛生設施標準 | 礦場職業衛生設施標準 | 民國 103 年 06 月 25 日 | articles=14 chars=1645 lines=75
N0070020 title=危險性機械及設備檢查費收費標準 | 危險性機械及設備檢查費收費標準 | 民國 105 年 10 月 03 日 | articles=10 chars=859 lines=44
N0070018 title=危險性機械或設備代行檢查機構管理規則 | 危險性機械或設備代行檢查機構管理規則 | 民國 106 年 10 月 02 日 | articles=35 chars=3961 lines=213
N0000014 title=直轄市勞動檢查機構組織準則 | 直轄市勞動檢查機構組織準則 | 民國 109 年 08 月 11 日 | articles=6 chars=378 lines=32
N0070005 title=勞動檢查員執行職務迴避辦法 | 勞動檢查員執行職務迴避辦法 | 民國 109 年 04 月 17 日 | articles=6 chars=628 lines=35
N0070006 title=勞動檢查員遴用及專業訓練辦法 | 勞動檢查員遴用及專業訓練辦法 | 民國 108 年 02 月 23 日 | articles=11 chars=1462 lines=65
DONE
