72 to fetch
O0020106 title=空氣污染防制專責單位或專責人員設置及管理辦法 | 空氣污染防制專責單位或專責人員設置及管理辦法 | 民國 108 年 08 月 06 日 | articles=23 chars=4183 lines=134
O0020006 title=固定污染源空氣污染物排放標準 | 固定污染源空氣污染物排放標準 | 民國 112 年 06 月 14 日 | articles=14 chars=2971 lines=112
O0020007 title=空氣品質標準 | 空氣品質標準 | 民國 113 年 09 月 30 日 | articles=6 chars=1309 lines=43
O0020015 title=空氣品質嚴重惡化警告發布及緊急防制辦法 | 空氣品質嚴重惡化警告發布及緊急防制辦法 | 民國 115 年 03 月 18 日 | articles=18 chars=3847 lines=107
O0130001 title=室內空氣品質管理法 | 室內空氣品質管理法 | 民國 100 年 11 月 23 日 | articles=24 chars=3467 lines=121
O0130005 title=室內空氣品質標準 | 室內空氣品質標準 | 民國 101 年 11 月 23 日 | articles=5 chars=2631 lines=70
O0020012 title=固定污染源設置操作及燃料使用許可證管理辦法 | 固定污染源設置操作及燃料使用許可證管理辦法 | 民國 108 年 09 月 26 日 | articles=63 chars=14915 lines=452
O0020027 title=空氣污染防制費收費辦法 | 空氣污染防制費收費辦法 | 民國 111 年 03 月 24 日 | articles=28 chars=6612 lines=165
O0020030 title=揮發性有機物空氣污染管制及排放標準 | 揮發性有機物空氣污染管制及排放標準 | 民國 112 年 12 月 04 日 | articles=49 chars=20247 lines=527
O0020113 title=鍋爐空氣污染物排放標準 | 鍋爐空氣污染物排放標準 | 民國 114 年 01 月 02 日 | articles=9 chars=2308 lines=74
O0020086 title=汽車停車怠速管理辦法 | 汽車停車怠速管理辦法 | 民國 108 年 01 月 25 日 | articles=5 chars=694 lines=38
O0020036 title=空氣污染行為管制執行準則 | 空氣污染行為管制執行準則 | 民國 108 年 07 月 25 日 | articles=13 chars=2065 lines=87
O0020121 title=空氣品質監測站設置及監測準則 | 空氣品質監測站設置及監測準則 | 民國 108 年 09 月 09 日 | articles=13 chars=1991 lines=89
O0030002 title=噪音管制法施行細則 | 噪音管制法施行細則 | 民國 99 年 03 月 11 日 | articles=17 chars=4070 lines=150
O0030014 title=環境音量標準 | 環境音量標準 | 民國 99 年 01 月 21 日 | articles=6 chars=3097 lines=122
O0030016 title=噪音管制區劃定作業準則 | 噪音管制區劃定作業準則 | 民國 109 年 08 月 05 日 | articles=13 chars=2788 lines=111
O0030007 title=易發生噪音設施設置及操作許可辦法 | 易發生噪音設施設置及操作許可辦法 | 民國 99 年 07 月 16 日 | articles=17 chars=3041 lines=126
O0030013 title=機動車輛噪音管制標準 | 機動車輛噪音管制標準 | 民國 109 年 12 月 01 日 | articles=4 chars=706 lines=32
O0040002 title=水污染防治法施行細則 | 水污染防治法施行細則 | 民國 107 年 12 月 21 日 | articles=29 chars=4934 lines=177
O0040005 title=地面水體分類及水質標準 | 地面水體分類及水質標準 | 民國 115 年 03 月 27 日 | articles=7 chars=787 lines=43
O0040070 title=廢（污）水處理專責單位或人員設置及管理辦法 | 廢 | 民國 110 年 02 月 05 日 | articles=28 chars=6363 lines=172
O0040055 title=水污染防治措施計畫及許可申請審查管理辦法 | 水污染防治措施計畫及許可申請審查管理辦法 | 民國 115 年 03 月 24 日 | articles=63 chars=20762 lines=505
O0040049 title=事業或污水下水道系統排放廢（污）水緊急應變辦法 | 事業或污水下水道系統排放廢 | 民國 94 年 08 月 26 日 | articles=8 chars=1353 lines=58
O0040010 title=飲用水管理條例 | 飲用水管理條例 | 民國 95 年 01 月 27 日 | articles=38 chars=4371 lines=173
O0040019 title=飲用水水質標準 | 飲用水水質標準 | 民國 113 年 11 月 25 日 | articles=11 chars=18693 lines=421
O0040031 title=土壤處理標準 | 土壤處理標準 | 民國 95 年 10 月 16 日 | articles=32 chars=10105 lines=319
O0050036 title=廢棄物清理法施行細則 | 廢棄物清理法施行細則 | 民國 108 年 11 月 06 日 | articles=20 chars=4944 lines=180
O0050023 title=有害事業廢棄物認定標準 | 有害事業廢棄物認定標準 | 民國 109 年 02 月 21 日 | articles=7 chars=2180 lines=77
O0050039 title=公民營廢棄物清除處理機構許可管理辦法 | 公民營廢棄物清除處理機構許可管理辦法 | 民國 113 年 05 月 17 日 | articles=39 chars=9495 lines=294
O0050084 title=事業廢棄物清理計畫書審查管理辦法 | 事業廢棄物清理計畫書審查管理辦法 | 民國 114 年 07 月 10 日 | articles=21 chars=5290 lines=137
O0050053 title=廢棄物清理專業技術人員管理辦法 | 廢棄物清理專業技術人員管理辦法 | 民國 111 年 11 月 29 日 | articles=9 chars=1564 lines=56
O0050024 title=一般廢棄物回收清除處理辦法 | 一般廢棄物回收清除處理辦法 | 民國 114 年 01 月 03 日 | articles=48 chars=11336 lines=391
O0050062 title=應回收廢棄物責任業者管理辦法 | 應回收廢棄物責任業者管理辦法 | 民國 113 年 12 月 16 日 | articles=19 chars=4057 lines=131
O0050085 title=事業委託清理之相當注意義務認定準則 | 事業委託清理之相當注意義務認定準則 | 民國 110 年 02 月 23 日 | articles=9 chars=1671 lines=60
O0050082 title=環境部事業廢棄物再利用管理辦法 | 環境部事業廢棄物再利用管理辦法 | 民國 114 年 03 月 06 日 | articles=24 chars=7435 lines=252
O0050086 title=共通性事業廢棄物再利用管理辦法 | 共通性事業廢棄物再利用管理辦法 | 民國 115 年 06 月 02 日 | articles=17 chars=2951 lines=99
O0050076 title=資源回收再利用法施行細則 | 資源回收再利用法施行細則 | 民國 92 年 08 月 27 日 | articles=19 chars=2454 lines=98
O0090002 title=環境影響評估法施行細則 | 環境影響評估法施行細則 | 民國 115 年 02 月 05 日 | articles=63 chars=8357 lines=367
O0090012 title=開發行為應實施環境影響評估細目及範圍認定標準 | 開發行為應實施環境影響評估細目及範圍認定標準 | 民國 115 年 02 月 05 日 | articles=53 chars=32241 lines=888
O0090003 title=開發行為環境影響評估作業準則 | 開發行為環境影響評估作業準則 | 民國 110 年 02 月 02 日 | articles=61 chars=11850 lines=310
O0090029 title=政府政策環境影響評估作業辦法 | 政府政策環境影響評估作業辦法 | 民國 95 年 04 月 07 日 | articles=9 chars=957 lines=63
O0060013 title=毒性及關注化學物質管理法施行細則 | 毒性及關注化學物質管理法施行細則 | 民國 108 年 09 月 03 日 | articles=19 chars=1767 lines=80
O0060035 title=毒性及關注化學物質危害預防及應變計畫作業辦法 | 毒性及關注化學物質危害預防及應變計畫作業辦法 | 民國 109 年 10 月 21 日 | articles=11 chars=2984 lines=115
O0060046 title=毒性及關注化學物質專業技術管理人員設置及管理辦法 | 毒性及關注化學物質專業技術管理人員設置及管理辦法 | 民國 108 年 12 月 25 日 | articles=18 chars=3655 lines=112
O0060037 title=毒性及關注化學物質標示與安全資料表管理辦法 | 毒性及關注化學物質標示與安全資料表管理辦法 | 民國 111 年 11 月 04 日 | articles=19 chars=2756 lines=100
O0060015 title=毒性及關注化學物質運送管理辦法 | 毒性及關注化學物質運送管理辦法 | 民國 109 年 01 月 22 日 | articles=18 chars=2323 lines=93
O0060038 title=毒性及關注化學物質許可登記核可管理辦法 | 毒性及關注化學物質許可登記核可管理辦法 | 民國 113 年 06 月 11 日 | articles=24 chars=5344 lines=152
O0060039 title=毒性及關注化學物質運作與釋放量紀錄管理辦法 | 毒性及關注化學物質運作與釋放量紀錄管理辦法 | 民國 108 年 12 月 25 日 | articles=11 chars=1604 lines=60
O0060036 title=毒性及關注化學物質應變器材與偵測警報設備管理辦法 | 毒性及關注化學物質應變器材與偵測警報設備管理辦法 | 民國 109 年 01 月 13 日 | articles=16 chars=3287 lines=102
O0060043 title=新化學物質及既有化學物質資料登錄辦法 | 新化學物質及既有化學物質資料登錄辦法 | 民國 110 年 11 月 23 日 | articles=32 chars=7112 lines=264
O0060001 title=環境用藥管理法 | 環境用藥管理法 | 民國 105 年 12 月 07 日 | articles=60 chars=7901 lines=279
O0110002 title=土壤及地下水污染整治法施行細則 | 土壤及地下水污染整治法施行細則 | 民國 99 年 12 月 31 日 | articles=29 chars=4304 lines=202
O0110005 title=土壤污染管制標準 | 土壤污染管制標準 | 民國 100 年 01 月 31 日 | articles=8 chars=4853 lines=134
O0110006 title=地下水污染管制標準 | 地下水污染管制標準 | 民國 114 年 12 月 23 日 | articles=7 chars=514 lines=36
O0110012 title=土壤污染監測標準 | 土壤污染監測標準 | 民國 100 年 01 月 31 日 | articles=6 chars=1161 lines=46
O0110013 title=地下水污染監測標準 | 地下水污染監測標準 | 民國 102 年 12 月 18 日 | articles=7 chars=1637 lines=63
O0110022 title=土壤及地下水污染場址初步評估暨處理等級評定辦法 | 土壤及地下水污染場址初步評估暨處理等級評定辦法 | 民國 102 年 04 月 24 日 | articles=10 chars=2009 lines=81
O0110010 title=防止貯存系統污染地下水體設施及監測設備設置管理辦法 | 防止貯存系統污染地下水體設施及監測設備設置管理辦法 | 民國 111 年 10 月 11 日 | articles=33 chars=11294 lines=378
O0020103 title=氣候變遷因應法施行細則 | 氣候變遷因應法施行細則 | 民國 112 年 12 月 29 日 | articles=25 chars=4985 lines=218
O0020102 title=溫室氣體排放量盤查登錄及查驗管理辦法 | 溫室氣體排放量盤查登錄及查驗管理辦法 | 民國 114 年 12 月 19 日 | articles=17 chars=3376 lines=129
O0020139 title=碳費收費辦法 | 碳費收費辦法 | 民國 113 年 08 月 29 日 | articles=23 chars=3769 lines=119
O0020140 title=自主減量計畫管理辦法 | 自主減量計畫管理辦法 | 民國 113 年 08 月 29 日 | articles=18 chars=3159 lines=113
O0020138 title=溫室氣體減量額度交易拍賣及移轉管理辦法 | 溫室氣體減量額度交易拍賣及移轉管理辦法 | 民國 113 年 07 月 01 日 | articles=38 chars=6957 lines=269
O0020137 title=溫室氣體自願減量專案管理辦法 | 溫室氣體自願減量專案管理辦法 | 民國 112 年 10 月 12 日 | articles=23 chars=4435 lines=171
O0020136 title=溫室氣體排放量增量抵換管理辦法 | 溫室氣體排放量增量抵換管理辦法 | 民國 112 年 10 月 12 日 | articles=15 chars=2709 lines=105
O0020142 title=自願性產品碳足跡核定標示及管理辦法 | 自願性產品碳足跡核定標示及管理辦法 | 民國 114 年 03 月 19 日 | articles=25 chars=4001 lines=154
O0120002 title=環境教育法施行細則 | 環境教育法施行細則 | 民國 113 年 04 月 17 日 | articles=15 chars=1961 lines=111
O0120010 title=環境講習執行辦法 | 環境講習執行辦法 | 民國 107 年 05 月 29 日 | articles=18 chars=2154 lines=78
O0120006 title=環境教育人員認證及管理辦法 | 環境教育人員認證及管理辦法 | 民國 112 年 08 月 11 日 | articles=20 chars=4252 lines=150
O0080002 title=公害糾紛處理法施行細則 | 公害糾紛處理法施行細則 | 民國 93 年 11 月 24 日 | articles=38 chars=3603 lines=192
O0100006 title=環境保護專責及技術人員訓練管理辦法 | 環境保護專責及技術人員訓練管理辦法 | 民國 109 年 07 月 01 日 | articles=31 chars=6643 lines=193
O0070001 title=環境檢驗測定機構管理辦法 | 環境檢驗測定機構管理辦法 | 民國 114 年 10 月 02 日 | articles=35 chars=7037 lines=228
DONE
